09:30:42 **** Incremental Build of configuration Debug for project Example_LEDBlink ****
make -j3 all 
arm-none-eabi-gcc "../Core/Src/main.c" -mcpu=cortex-m4 -std=gnu11 -g3 -DUSE_HAL_DRIVER -DSTM32F303x8 -DDEBUG -c -I../Drivers/CMSIS/Include -I../Drivers/STM32F3xx_HAL_Driver/Inc -I../Core/Inc -I../Drivers/STM32F3xx_HAL_Driver/Inc/Legacy -I../Drivers/CMSIS/Device/ST/STM32F3xx/Include -O0 -ffunction-sections -fdata-sections -Wall -fstack-usage -MMD -MP -MF"Core/Src/main.d" -MT"Core/Src/main.o" --specs=nano.specs -mfpu=fpv4-sp-d16 -mfloat-abi=hard -mthumb -o "Core/Src/main.o"
arm-none-eabi-gcc -o "Example_LEDBlink.elf" @"objects.list"   -mcpu=cortex-m4 -T"/Users/hiraku/STM32CubeIDE/STM32F303K8/Example_LEDBlink/STM32F303K8TX_FLASH.ld" --specs=nosys.specs -Wl,-Map="Example_LEDBlink.map" -Wl,--gc-sections -static --specs=nano.specs -mfpu=fpv4-sp-d16 -mfloat-abi=hard -mthumb -Wl,--start-group -lc -lm -Wl,--end-group
Finished building target: Example_LEDBlink.elf
 
arm-none-eabi-objdump -h -S  Example_LEDBlink.elf  > "Example_LEDBlink.list"
arm-none-eabi-objcopy  -O binary  Example_LEDBlink.elf  "Example_LEDBlink.bin"
arm-none-eabi-size   Example_LEDBlink.elf 
   text	   data	    bss	    dec	    hex	filename
   9416	     20	   1700	  11136	   2b80	Example_LEDBlink.elf
Finished building: default.size.stdout
 
Finished building: Example_LEDBlink.bin
 
Finished building: Example_LEDBlink.list
 
09:30:47 **** Incremental Build of configuration Debug for project Example_LEDBlink ****
make -j3 all 
arm-none-eabi-size   Example_LEDBlink.elf 
   text	   data	    bss	    dec	    hex	filename
   9416	     20	   1700	  11136	   2b80	Example_LEDBlink.elf
Finished building: default.size.stdout
 
